// Jest Snapshot v1, https://goo.gl/fbAQLP

exports[`creates expected mark up for 0 results 1`] = `
<form
  className="search"
  onSubmit={[Function]}
  role="search"
>
  <input
    aria-label="Search Something"
    autoFocus={true}
    className="search-box"
    name="query"
    onChange={[Function]}
    placeholder="Search Something"
    role="search"
    spellCheck="false"
    type="search"
    value=""
  />
  <button
    className="search-submit"
    type="submit"
  >
    Search
  </button>
</form>
`;
